###############################################################################
#
# IAR ELF Linker V9.32.2.340/W64 for ARM                  02/Jun/2023  17:59:44
# Copyright 2007-2023 IAR Systems AB.
#
#    Output file  =
#        C:\Users\user\3D
#        Objects\Interface\reaction_time\Debug\Exe\Reaction_Time.out_nochecksum
#    Map file     =
#        C:\Users\user\3D
#        Objects\Interface\reaction_time\Debug\List\Reaction_Time.map
#    Command line =
#        -f "C:\Users\user\3D
#        Objects\Interface\reaction_time\Debug\Exe\Reaction_Time.out_nochecksum.rsp"
#        ("C:\Users\user\3D Objects\Interface\reaction_time\Debug\Obj\main.o"
#        --no_out_extension -o "C:\Users\user\3D
#        Objects\Interface\reaction_time\Debug\Exe\Reaction_Time.out_nochecksum"
#        --redirect _Printf=_PrintfFullNoMb --redirect _Scanf=_ScanfFullNoMb
#        --map "C:\Users\user\3D
#        Objects\Interface\reaction_time\Debug\List\Reaction_Time.map" --config
#        "C:\Program Files\IAR Systems\Embedded Workbench
#        9.1\arm/config/linker/NXP/LPC2124.icf" --semihosting --entry
#        __iar_program_start --vfe --text_out locale --cpu=ARM7TDMI-S
#        --fpu=None)
#
###############################################################################

*******************************************************************************
*** RUNTIME MODEL ATTRIBUTES
***

CppFlavor       = *
__CPP_Runtime   = 1
__SystemLibrary = DLib
__dlib_version  = 6


*******************************************************************************
*** HEAP SELECTION
***

The basic heap was selected because --advanced_heap
was not specified and the application did not appear to
be primarily optimized for speed.


*******************************************************************************
*** PLACEMENT SUMMARY
***

"A0":  place at address 0x0 { ro section .intvec };
"P1":  place in [from 0x0 to 0x1fb] |
                [from 0x200 to 0x3'ffff] { ro };
define block CSTACK with size = 2K, alignment = 8 { };
define block SVC_STACK with size = 16, alignment = 8 { };
define block IRQ_STACK with size = 80, alignment = 8 { };
define block FIQ_STACK with size = 16, alignment = 8 { };
define block UND_STACK with size = 16, alignment = 8 { };
define block ABT_STACK with size = 16, alignment = 8 { };
define block HEAP with size = 4K, alignment = 8 { };
"P2":  place in [from 0x4000'0000 to 0x4000'003f] |
                [from 0x4000'0120 to 0x4000'3fdf] {
          rw, block CSTACK, block SVC_STACK, block IRQ_STACK, block FIQ_STACK,
          block UND_STACK, block ABT_STACK, block HEAP };
initialize by copy { rw };

No sections matched the following patterns:

  section .crp  in "P3"


  Section            Kind         Address    Size  Object
  -------            ----         -------    ----  ------
"A0":                                        0x40
  .intvec            ro code          0x0    0x40  cstartup.o [4]
                                   - 0x40    0x40

"P1", part 1 of 2:                           0x84
  .text              ro code         0x40     0xa  xsprout.o [2]
  .text              ro code         0x4c    0x20  strchr.o [4]
  .text              ro code         0x6c    0x4e  xfail_s.o [2]
  Initializer bytes  const           0xbc     0x8  <for P2 s0>
                                   - 0xc4    0x84

"P1", part 2 of 2:                         0x26f0
  Veneer             ro code        0x200    0x10  - Linker created -
  Veneer             ro code        0x210    0x10  - Linker created -
  Veneer             ro code        0x220    0x10  - Linker created -
  Veneer             ro code        0x230    0x10  - Linker created -
  Veneer             ro code        0x240    0x10  - Linker created -
  Veneer             ro code        0x250    0x10  - Linker created -
  Veneer             ro code        0x260    0x10  - Linker created -
  Veneer             ro code        0x270    0x10  - Linker created -
  Veneer             ro code        0x280    0x10  - Linker created -
  Veneer             ro code        0x290    0x10  - Linker created -
  Veneer             ro code        0x2a0    0x10  - Linker created -
  Veneer             ro code        0x2b0    0x10  - Linker created -
  Veneer             ro code        0x2c0    0x10  - Linker created -
  Veneer             ro code        0x2d0    0x10  - Linker created -
  Veneer             ro code        0x2e0    0x10  - Linker created -
  Veneer             ro code        0x2f0    0x10  - Linker created -
  Veneer             ro code        0x300    0x10  - Linker created -
  Veneer             ro code        0x310    0x10  - Linker created -
  .text              ro code        0x320   0xf9e  xprintffull_nomb.o [2]
  .text              ro code       0x12be     0x2  xprintffull_nomb.o [2]
  .text              ro code       0x12c0    0x54  strlen.o [4]
  .text              ro code       0x1314    0x94  memchr.o [4]
  .text              ro code       0x13a8    0xd4  ABImemcpy.o [4]
  .text              ro code       0x147c    0x7c  frexp.o [3]
  .text              ro code       0x14f8    0x38  DblCmpLe.o [3]
  .text              ro code       0x1530    0x38  DblCmpGe.o [3]
  .text              ro code       0x1568   0x13c  ldexp.o [3]
  .text              ro code       0x16a4    0x54  DblToS32.o [3]
  .text              ro code       0x16f8    0x60  S32ToDbl.o [3]
  .text              ro code       0x1758   0x200  DblSub.o [3]
  .text              ro code       0x1958   0x1d4  I32DivMod.o [4]
  .text              ro code       0x1b2c   0x334  DblDiv.o [3]
  .text              ro code       0x1e60    0x3c  DblToU32.o [3]
  .text              ro code       0x1e9c    0x58  U32ToDbl.o [3]
  .text              ro code       0x1ef4   0x1f4  DblMul.o [3]
  .text              ro code       0x20e8    0xd4  I64DivMod.o [4]
  Veneer             ro code       0x21bc    0x10  - Linker created -
  .text              ro code       0x21cc     0x2  xprintffull_nomb.o [2]
  .text              ro code       0x21ce     0xc  abort.o [2]
  .text              ro code       0x21dc   0x128  DblAdd.o [3]
  .text              ro code       0x2304     0x4  IntDivZer.o [4]
  .text              ro code       0x2308     0x4  I64DivZer.o [4]
  .text              ro code       0x230c    0x20  exit.o [5]
  .text              ro code       0x232c   0x254  main.o [1]
  .text              ro code       0x2580    0xfc  rand.o [2]
  .text              ro code       0x267c    0x40  sprintf.o [2]
  .rodata            const         0x26bc    0x6a  xprintffull_nomb.o [2]
  .text              ro code       0x2728    0x58  cstartup.o [4]
  Veneer             ro code       0x2780     0xc  - Linker created -
  Veneer             ro code       0x278c     0xc  - Linker created -
  Veneer             ro code       0x2798     0xc  - Linker created -
  Veneer             ro code       0x27a4     0xc  - Linker created -
  .text              ro code       0x27b0    0x30  cmain.o [4]
  .text              ro code       0x27e0     0x4  low_level_init.o [2]
  .text              ro code       0x27e4    0x32  data_init.o [4]
  Veneer             ro code       0x2818    0x10  - Linker created -
  .text              ro code       0x2828     0xa  exit.o [2]
  .text              ro code       0x2834    0x10  cexit.o [4]
  .text              ro code       0x2844    0x3c  zero_init3.o [4]
  .text              ro code       0x2880    0x30  copy_init3.o [4]
  .iar.init_table    const         0x28b0    0x24  - Linker created -
  .rodata            const         0x28d4     0xc  main.o [1]
  .rodata            const         0x28e0     0x8  main.o [1]
  .text              ro code       0x28e8     0x4  vectortrap.o [4]
  .text              ro code       0x28ec     0x4  xreturnswi.o [5]
  .rodata            const         0x28f0     0x0  zero_init3.o [4]
  .rodata            const         0x28f0     0x0  copy_init3.o [4]
                                 - 0x28f0  0x26f0

"P2", part 1 of 3:                            0x8
  P2 s0                       0x4000'0120     0x8  <Init block>
    .data            inited   0x4000'0120     0x8  rand.o [2]
                            - 0x4000'0128     0x8

"P2", part 2 of 3:                           0x88
  .bss               zero     0x4000'0128    0x84  rand.o [2]
  .bss               zero     0x4000'01ac     0x4  xfail_s.o [2]
                            - 0x4000'01b0    0x88

"P2", part 3 of 3:                          0x860
  CSTACK                      0x4000'01b0   0x800  <Block>
    CSTACK           uninit   0x4000'01b0   0x800  <Block tail>
  IRQ_STACK                   0x4000'09b0    0x50  <Block>
    IRQ_STACK        uninit   0x4000'09b0    0x50  <Block tail>
  FIQ_STACK                   0x4000'0a00    0x10  <Block>
    FIQ_STACK        uninit   0x4000'0a00    0x10  <Block tail>
                            - 0x4000'0a10   0x860

Absolute sections, part 1 of 3:               0xc
  .noinit            uninit   0xe000'4004     0x4  main.o [1]
  .noinit            uninit   0xe000'4008     0x4  main.o [1]
  .noinit            uninit   0xe000'400c     0x4  main.o [1]
                            - 0xe000'4010     0xc

Absolute sections, part 2 of 3:              0x10
  .noinit            uninit   0xe002'8000     0x4  main.o [1]
  .noinit            uninit   0xe002'8004     0x4  main.o [1]
  .noinit            uninit   0xe002'8008     0x4  main.o [1]
  .noinit            uninit   0xe002'800c     0x4  main.o [1]
                            - 0xe002'8010    0x10

Absolute sections, part 3 of 3:               0x4
  .noinit            uninit   0xe002'c000     0x4  main.o [1]
                            - 0xe002'c004     0x4

Unused ranges:

         From           To      Size
         ----           --      ----
         0xc4        0x1fb     0x138
       0x28f0     0x3'ffff  0x3'd710
  0x4000'0000  0x4000'003f      0x40
  0x4000'0a10  0x4000'3fdf    0x35d0


*******************************************************************************
*** INIT TABLE
***

          Address      Size
          -------      ----
Zero (__iar_zero_init3)
    1 destination range, total size 0x88:
          0x4000'0128  0x88

Copy (__iar_copy_init3)
    1 source range, total size 0x8:
                 0xbc   0x8
    1 destination range, total size 0x8:
          0x4000'0120   0x8



*******************************************************************************
*** MODULE SUMMARY
***

    Module              ro code  ro data  rw data  rw data
                                                    (abs)
    ------              -------  -------  -------  -------
command line/config:
    ------------------------------------------------------
    Total:

C:\Users\user\3D Objects\Interface\reaction_time\Debug\Obj: [1]
    main.o                  596       20                32
    ------------------------------------------------------
    Total:                  596       20                32

dl4t_tln.a: [2]
    abort.o                  12
    exit.o                   10
    low_level_init.o          4
    rand.o                  252        8      140
    sprintf.o                64
    xfail_s.o                78                 4
    xprintffull_nomb.o    4'002      106
    xsprout.o                10
    ------------------------------------------------------
    Total:                4'432      114      144

m4t_al.a: [3]
    DblAdd.o                296
    DblCmpGe.o               56
    DblCmpLe.o               56
    DblDiv.o                820
    DblMul.o                500
    DblSub.o                512
    DblToS32.o               84
    DblToU32.o               60
    S32ToDbl.o               96
    U32ToDbl.o               88
    frexp.o                 124
    ldexp.o                 316
    ------------------------------------------------------
    Total:                3'008

rt4t_al.a: [4]
    ABImemcpy.o             212
    I32DivMod.o             468
    I64DivMod.o             212
    I64DivZer.o               4
    IntDivZer.o               4
    cexit.o                  16
    cmain.o                  48
    copy_init3.o             48
    cstartup.o              152
    data_init.o              50
    memchr.o                148
    strchr.o                 32
    strlen.o                 84
    vectortrap.o              4
    zero_init3.o             60
    ------------------------------------------------------
    Total:                1'542

shs_l.a: [5]
    exit.o                   32
    xreturnswi.o              4
    ------------------------------------------------------
    Total:                   36

    Gaps                     10
    Linker created          368       38    2'144
----------------------------------------------------------
    Grand Total:          9'992      172    2'288       32


*******************************************************************************
*** ENTRY LIST
***

Entry                       Address   Size  Type      Object
-----                       -------   ----  ----      ------
.iar.init_table$$Base        0x28b0          --   Gb  - Linker created -
.iar.init_table$$Limit       0x28d4          --   Gb  - Linker created -
?main                        0x27b0         Code  Gb  cmain.o [4]
Abort_Handler                0x28e8         Code  Wk  vectortrap.o [4]
CSTACK$$Base            0x4000'01b0          --   Gb  - Linker created -
CSTACK$$Limit           0x4000'09b0          --   Gb  - Linker created -
FIQ_Handler                  0x28e8         Code  Wk  vectortrap.o [4]
FIQ_STACK$$Base         0x4000'0a00          --   Gb  - Linker created -
FIQ_STACK$$Limit        0x4000'0a10          --   Gb  - Linker created -
Hyp_Handler                  0x28e8         Code  Wk  vectortrap.o [4]
IRQ_Handler                  0x28e8         Code  Wk  vectortrap.o [4]
IRQ_STACK$$Base         0x4000'09b0          --   Gb  - Linker created -
IRQ_STACK$$Limit        0x4000'0a00          --   Gb  - Linker created -
Prefetch_Handler             0x28e8         Code  Wk  vectortrap.o [4]
Region$$Table$$Base          0x28b0          --   Gb  - Linker created -
Region$$Table$$Limit         0x28d4          --   Gb  - Linker created -
SWI_Handler                  0x28e8         Code  Wk  vectortrap.o [4]
T0PR                    0xe000'400c    0x4  Data  Wk  main.o [1]
T0TC                    0xe000'4008    0x4  Data  Wk  main.o [1]
Undefined_Handler            0x28e8         Code  Wk  vectortrap.o [4]
_A_IO0CLR               0xe002'800c    0x4  Data  Wk  main.o [1]
_A_IO0DIR               0xe002'8008    0x4  Data  Wk  main.o [1]
_A_IO0PIN               0xe002'8000    0x4  Data  Wk  main.o [1]
_A_IO0SET               0xe002'8004    0x4  Data  Wk  main.o [1]
_A_PINSEL0              0xe002'c000    0x4  Data  Wk  main.o [1]
_A_T0TCR                0xe000'4004    0x4  Data  Wk  main.o [1]
_LC                           0x321    0x8  Code  Lc  xprintffull_nomb.o [2]
_LitobFullNoMb               0x1103  0x12c  Code  Lc  xprintffull_nomb.o [2]
_PrintfFullNoMb               0x329  0xdda  Code  Gb  xprintffull_nomb.o [2]
_PutcharsFullNoMb            0x1281   0x3c  Code  Lc  xprintffull_nomb.o [2]
_Rand_idx               0x4000'01a8    0x4  Data  Lc  rand.o [2]
_Rand_rv                0x4000'0128   0x80  Data  Lc  rand.o [2]
_Randinit               0x4000'0120    0x1  Data  Gb  rand.o [2]
_Randseed               0x4000'0124    0x4  Data  Gb  rand.o [2]
_SProut                        0x41    0xa  Code  Gb  xsprout.o [2]
__aeabi_cdcmple              0x14f8         Code  Gb  DblCmpLe.o [3]
__aeabi_cdrcmple             0x1530         Code  Gb  DblCmpGe.o [3]
__aeabi_d2iz                 0x16a4         Code  Gb  DblToS32.o [3]
__aeabi_d2uiz                0x1e60         Code  Gb  DblToU32.o [3]
__aeabi_ddiv                 0x1b2c         Code  Gb  DblDiv.o [3]
__aeabi_dmul                 0x1ef4         Code  Gb  DblMul.o [3]
__aeabi_dsub                 0x1758         Code  Gb  DblSub.o [3]
__aeabi_i2d                  0x16f8         Code  Gb  S32ToDbl.o [3]
__aeabi_idiv                 0x1958         Code  Gb  I32DivMod.o [4]
__aeabi_idiv0                0x2304         Code  Gb  IntDivZer.o [4]
__aeabi_idivmod              0x1958         Code  Gb  I32DivMod.o [4]
__aeabi_ldiv0                0x2308         Code  Gb  I64DivZer.o [4]
__aeabi_memcpy               0x13a8         Code  Gb  ABImemcpy.o [4]
__aeabi_memcpy4              0x13cc         Code  Gb  ABImemcpy.o [4]
__aeabi_memcpy8              0x13cc         Code  Gb  ABImemcpy.o [4]
__aeabi_ui2d                 0x1e9c         Code  Gb  U32ToDbl.o [3]
__aeabi_uidiv                0x1988         Code  Gb  I32DivMod.o [4]
__aeabi_uidivmod             0x1988         Code  Gb  I32DivMod.o [4]
__aeabi_uldivmod             0x20e8         Code  Gb  I64DivMod.o [4]
__cmain                      0x27b0         Code  Gb  cmain.o [4]
__exit                       0x230c   0x20  Code  Gb  exit.o [5]
__iar_Fail_s                   0x6d   0x26  Code  Gb  xfail_s.o [2]
__iar_Memchr                 0x1314         Code  Gb  memchr.o [4]
__iar_Strchr                   0x4c         Code  Gb  strchr.o [4]
__iar_copy_init3             0x2881   0x30  Code  Gb  copy_init3.o [4]
__iar_dadd                   0x21dc         Code  Gb  DblAdd.o [3]
__iar_data_init3             0x27e5   0x30  Code  Gb  data_init.o [4]
__iar_dsub                   0x1768         Code  Gb  DblSub.o [3]
__iar_dsubStart              0x1788         Code  Gb  DblSub.o [3]
__iar_frexp                  0x1494         Code  Gb  frexp.o [3]
__iar_frexp64                0x147c         Code  Gb  frexp.o [3]
__iar_frexpl                 0x1494         Code  Gb  frexp.o [3]
__iar_ldexp64                0x1568         Code  Gb  ldexp.o [3]
__iar_program_start          0x2728         Code  Gb  cstartup.o [4]
__iar_return_from_swi        0x28ec    0x4  Code  Gb  xreturnswi.o [5]
__iar_scalbln64              0x1568         Code  Gb  ldexp.o [3]
__iar_scalbn64               0x1568         Code  Gb  ldexp.o [3]
__iar_zero_init3             0x2845   0x3c  Code  Gb  zero_init3.o [4]
__low_level_init             0x27e1    0x4  Code  Gb  low_level_init.o [2]
__vector                        0x0         Data  Gb  cstartup.o [4]
_call_main                   0x27c8         Code  Gb  cmain.o [4]
_exit                        0x2834         Code  Gb  cexit.o [4]
abort                        0x21cf    0xc  Code  Gb  abort.o [2]
delay                        0x23f3   0x2a  Code  Gb  main.o [1]
exit                         0x2829    0xa  Code  Gb  exit.o [2]
frexp                        0x147c         Code  Gb  frexp.o [3]
frexpl                       0x147c         Code  Gb  frexp.o [3]
init_LCD                     0x24df   0x36  Code  Gb  main.o [1]
init_lpc                     0x23c9   0x2a  Code  Gb  main.o [1]
lcd_display_int              0x2533   0x18  Code  Gb  main.o [1]
lcd_send_string              0x2515   0x1e  Code  Gb  main.o [1]
ldexp                        0x1568         Code  Gb  ldexp.o [3]
ldexpl                       0x1568         Code  Gb  ldexp.o [3]
main                         0x232d   0x9c  Code  Gb  main.o [1]
memchr                       0x1314         Code  Gb  memchr.o [4]
on_off                       0x241d    0xe  Code  Gb  main.o [1]
rand                         0x2581   0xe2  Code  Gb  rand.o [2]
scalbln                      0x1568         Code  Gb  ldexp.o [3]
scalblnl                     0x1568         Code  Gb  ldexp.o [3]
scalbn                       0x1568         Code  Gb  ldexp.o [3]
scalbnl                      0x1568         Code  Gb  ldexp.o [3]
scale                        0x122f   0x48  Code  Lc  xprintffull_nomb.o [2]
sec_hand                0x4000'01ac    0x4  Data  Lc  xfail_s.o [2]
sprintf                      0x267d   0x40  Code  Gb  sprintf.o [2]
strchr                         0x4c         Code  Gb  strchr.o [4]
strlen                       0x12c0         Code  Gb  strlen.o [4]
write_cmd                    0x242b   0x5a  Code  Gb  main.o [1]
write_data                   0x2485   0x5a  Code  Gb  main.o [1]


[1] = C:\Users\user\3D Objects\Interface\reaction_time\Debug\Obj
[2] = dl4t_tln.a
[3] = m4t_al.a
[4] = rt4t_al.a
[5] = shs_l.a

  9'992 bytes of readonly  code memory
    172 bytes of readonly  data memory
  2'288 bytes of readwrite data memory (+ 32 absolute)

Errors: none
Warnings: none
