###############################################################################
#
# IAR ELF Linker V9.32.2.340/W64 for ARM                  23/May/2023  15:02:10
# Copyright 2007-2023 IAR Systems AB.
#
#    Output file  =
#        C:\Users\user\3D
#        Objects\Interface\lab_2\Debug\Exe\lab_1.out_nochecksum
#    Map file     =
#        C:\Users\user\3D Objects\Interface\lab_2\Debug\List\lab_1.map
#    Command line =
#        -f "C:\Users\user\3D
#        Objects\Interface\lab_2\Debug\Exe\lab_1.out_nochecksum.rsp"
#        ("C:\Users\user\3D Objects\Interface\lab_2\Debug\Obj\main.o"
#        --no_out_extension -o "C:\Users\user\3D
#        Objects\Interface\lab_2\Debug\Exe\lab_1.out_nochecksum" --redirect
#        _Printf=_PrintfFullNoMb --redirect _Scanf=_ScanfFullNoMb --map
#        "C:\Users\user\3D Objects\Interface\lab_2\Debug\List\lab_1.map"
#        --config "C:\Program Files\IAR Systems\Embedded Workbench
#        9.1\arm/config/linker/NXP/LPC2124.icf" --semihosting --entry
#        __iar_program_start --vfe --text_out locale --cpu=ARM7TDMI-S
#        --fpu=None)
#
###############################################################################

*******************************************************************************
*** RUNTIME MODEL ATTRIBUTES
***

CppFlavor       = *
__CPP_Runtime   = 1
__SystemLibrary = DLib
__dlib_version  = 6


*******************************************************************************
*** HEAP SELECTION
***

The basic heap was selected because --advanced_heap
was not specified and the application did not appear to
be primarily optimized for speed.


*******************************************************************************
*** PLACEMENT SUMMARY
***

"A0":  place at address 0x0 { ro section .intvec };
"P1":  place in [from 0x0 to 0x1fb] |
                [from 0x200 to 0x3'ffff] { ro };
define block CSTACK with size = 2K, alignment = 8 { };
define block SVC_STACK with size = 16, alignment = 8 { };
define block IRQ_STACK with size = 80, alignment = 8 { };
define block FIQ_STACK with size = 16, alignment = 8 { };
define block UND_STACK with size = 16, alignment = 8 { };
define block ABT_STACK with size = 16, alignment = 8 { };
define block HEAP with size = 4K, alignment = 8 { };
"P2":  place in [from 0x4000'0000 to 0x4000'003f] |
                [from 0x4000'0120 to 0x4000'3fdf] {
          rw, block CSTACK, block SVC_STACK, block IRQ_STACK, block FIQ_STACK,
          block UND_STACK, block ABT_STACK, block HEAP };
initialize by copy { rw };

No sections matched the following patterns:

  section .crp  in "P3"


  Section            Kind         Address   Size  Object
  -------            ----         -------   ----  ------
"A0":                                       0x40
  .intvec            ro code          0x0   0x40  cstartup.o [3]
                                   - 0x40   0x40

"P1", part 1 of 2:                          0x94
  .text              ro code         0x40   0x58  cstartup.o [3]
  .text              ro code         0x98    0x4  low_level_init.o [2]
  .text              ro code         0x9c   0x32  data_init.o [3]
  Initializer bytes  const           0xd0    0x4  <for P2 s0>
                                   - 0xd4   0x94

"P1", part 2 of 2:                         0x204
  .text              ro code        0x200  0x10c  main.o [1]
  Veneer             ro code        0x30c    0xc  - Linker created -
  Veneer             ro code        0x318    0xc  - Linker created -
  Veneer             ro code        0x324    0xc  - Linker created -
  Veneer             ro code        0x330    0xc  - Linker created -
  .text              ro code        0x33c   0x30  cmain.o [3]
  Veneer             ro code        0x36c   0x10  - Linker created -
  .text              ro code        0x37c    0xa  exit.o [2]
  .text              ro code        0x388   0x20  exit.o [4]
  .text              ro code        0x3a8   0x10  cexit.o [3]
  .text              ro code        0x3b8   0x30  copy_init3.o [3]
  .iar.init_table    const          0x3e8   0x14  - Linker created -
  .text              ro code        0x3fc    0x4  vectortrap.o [3]
  .text              ro code        0x400    0x4  xreturnswi.o [4]
  .rodata            const          0x404    0x0  copy_init3.o [3]
                                  - 0x404  0x204

"P2", part 1 of 2:                           0x4
  P2 s0                       0x4000'0120    0x4  <Init block>
    .data            inited   0x4000'0120    0x4  main.o [1]
                            - 0x4000'0124    0x4

"P2", part 2 of 2:                         0x860
  CSTACK                      0x4000'0128  0x800  <Block>
    CSTACK           uninit   0x4000'0128  0x800  <Block tail>
  IRQ_STACK                   0x4000'0928   0x50  <Block>
    IRQ_STACK        uninit   0x4000'0928   0x50  <Block tail>
  FIQ_STACK                   0x4000'0978   0x10  <Block>
    FIQ_STACK        uninit   0x4000'0978   0x10  <Block tail>
                            - 0x4000'0988  0x860

Absolute sections, part 1 of 3:              0xc
  .noinit            uninit   0xe000'4004    0x4  main.o [1]
  .noinit            uninit   0xe000'4008    0x4  main.o [1]
  .noinit            uninit   0xe000'400c    0x4  main.o [1]
                            - 0xe000'4010    0xc

Absolute sections, part 2 of 3:              0xc
  .noinit            uninit   0xe002'8004    0x4  main.o [1]
  .noinit            uninit   0xe002'8008    0x4  main.o [1]
  .noinit            uninit   0xe002'800c    0x4  main.o [1]
                            - 0xe002'8010    0xc

Absolute sections, part 3 of 3:              0x4
  .noinit            uninit   0xe002'c000    0x4  main.o [1]
                            - 0xe002'c004    0x4

Unused ranges:

         From           To      Size
         ----           --      ----
         0xd4        0x1fb     0x128
        0x404     0x3'ffff  0x3'fbfc
  0x4000'0000  0x4000'003f      0x40
  0x4000'0124  0x4000'0127       0x4
  0x4000'0988  0x4000'3fdf    0x3658


*******************************************************************************
*** INIT TABLE
***

          Address      Size
          -------      ----
Copy (__iar_copy_init3)
    1 source range, total size 0x4:
                 0xd0   0x4
    1 destination range, total size 0x4:
          0x4000'0120   0x4



*******************************************************************************
*** MODULE SUMMARY
***

    Module            ro code  ro data  rw data  rw data
                                                  (abs)
    ------            -------  -------  -------  -------
command line/config:
    ----------------------------------------------------
    Total:

C:\Users\user\3D Objects\Interface\lab_2\Debug\Obj: [1]
    main.o                268        4        4       28
    ----------------------------------------------------
    Total:                268        4        4       28

dl4t_tln.a: [2]
    exit.o                 10
    low_level_init.o        4
    ----------------------------------------------------
    Total:                 14

rt4t_al.a: [3]
    cexit.o                16
    cmain.o                48
    copy_init3.o           48
    cstartup.o            152
    data_init.o            50
    vectortrap.o            4
    ----------------------------------------------------
    Total:                318

shs_l.a: [4]
    exit.o                 32
    xreturnswi.o            4
    ----------------------------------------------------
    Total:                 36

    Gaps                    2
    Linker created         64       22    2'144
--------------------------------------------------------
    Grand Total:          702       26    2'148       28


*******************************************************************************
*** ENTRY LIST
***

Entry                       Address  Size  Type      Object
-----                       -------  ----  ----      ------
.iar.init_table$$Base         0x3e8         --   Gb  - Linker created -
.iar.init_table$$Limit        0x3fc         --   Gb  - Linker created -
?main                         0x33c        Code  Gb  cmain.o [3]
Abort_Handler                 0x3fc        Code  Wk  vectortrap.o [3]
CSTACK$$Base            0x4000'0128         --   Gb  - Linker created -
CSTACK$$Limit           0x4000'0928         --   Gb  - Linker created -
FIQ_Handler                   0x3fc        Code  Wk  vectortrap.o [3]
FIQ_STACK$$Base         0x4000'0978         --   Gb  - Linker created -
FIQ_STACK$$Limit        0x4000'0988         --   Gb  - Linker created -
Hyp_Handler                   0x3fc        Code  Wk  vectortrap.o [3]
IRQ_Handler                   0x3fc        Code  Wk  vectortrap.o [3]
IRQ_STACK$$Base         0x4000'0928         --   Gb  - Linker created -
IRQ_STACK$$Limit        0x4000'0978         --   Gb  - Linker created -
Prefetch_Handler              0x3fc        Code  Wk  vectortrap.o [3]
Region$$Table$$Base           0x3e8         --   Gb  - Linker created -
Region$$Table$$Limit          0x3fc         --   Gb  - Linker created -
SWI_Handler                   0x3fc        Code  Wk  vectortrap.o [3]
T0PR                    0xe000'400c   0x4  Data  Wk  main.o [1]
T0TC                    0xe000'4008   0x4  Data  Wk  main.o [1]
Undefined_Handler             0x3fc        Code  Wk  vectortrap.o [3]
_A_IO0CLR               0xe002'800c   0x4  Data  Wk  main.o [1]
_A_IO0DIR               0xe002'8008   0x4  Data  Wk  main.o [1]
_A_IO0SET               0xe002'8004   0x4  Data  Wk  main.o [1]
_A_PINSEL0              0xe002'c000   0x4  Data  Wk  main.o [1]
_A_T0TCR                0xe000'4004   0x4  Data  Wk  main.o [1]
__cmain                       0x33c        Code  Gb  cmain.o [3]
__exit                        0x388  0x20  Code  Gb  exit.o [4]
__iar_copy_init3              0x3b9  0x30  Code  Gb  copy_init3.o [3]
__iar_data_init3               0x9d  0x30  Code  Gb  data_init.o [3]
__iar_program_start            0x40        Code  Gb  cstartup.o [3]
__iar_return_from_swi         0x400   0x4  Code  Gb  xreturnswi.o [4]
__low_level_init               0x99   0x4  Code  Gb  low_level_init.o [2]
__vector                        0x0        Data  Gb  cstartup.o [3]
_call_main                    0x354        Code  Gb  cmain.o [3]
_exit                         0x3a8        Code  Gb  cexit.o [3]
delay                         0x2cb  0x1e  Code  Gb  main.o [1]
exit                          0x37d   0xa  Code  Gb  exit.o [2]
initial                       0x215  0x24  Code  Gb  main.o [1]
main                          0x201  0x14  Code  Gb  main.o [1]
on_off                        0x239  0x92  Code  Gb  main.o [1]
second                  0x4000'0120   0x4  Data  Gb  main.o [1]


[1] = C:\Users\user\3D Objects\Interface\lab_2\Debug\Obj
[2] = dl4t_tln.a
[3] = rt4t_al.a
[4] = shs_l.a

    702 bytes of readonly  code memory
     26 bytes of readonly  data memory
  2'148 bytes of readwrite data memory (+ 28 absolute)

Errors: none
Warnings: none
